\BOOKMARK [1][-]{section.1}{\376\377\000P\000R\000E\000S\000E\000N\000T\000A\000C\000I\000\323\000N}{}% 1
\BOOKMARK [1][-]{section.2}{\376\377\000A\000N\000T\000E\000C\000E\000D\000E\000N\000T\000E\000S}{}% 2
\BOOKMARK [1][-]{section.3}{\376\377\000O\000B\000J\000E\000T\000I\000V\000O\000S}{}% 3
\BOOKMARK [1][-]{section.4}{\376\377\000M\000E\000T\000O\000D\000O\000L\000O\000G\000\315\000A}{}% 4
\BOOKMARK [2][-]{subsection.4.1}{\376\377\000P\000R\000E\000C\000I\000P\000I\000T\000A\000C\000I\000\323\000N}{section.4}% 5
\BOOKMARK [3][-]{subsubsection.4.1.1}{\376\377\000A\000n\000\341\000l\000i\000s\000i\000s\000\040\000E\000x\000p\000l\000o\000r\000a\000t\000o\000r\000i\000o\000\040\000d\000e\000\040\000l\000a\000\040\000P\000r\000e\000c\000i\000p\000i\000t\000a\000c\000i\000\363\000n\000\040\000R\000e\000g\000i\000o\000n\000a\000l}{subsection.4.1}% 6
\BOOKMARK [3][-]{subsubsection.4.1.2}{\376\377\000V\000a\000l\000i\000d\000a\000c\000i\000\363\000n\000\040\000d\000e\000\040\000p\000r\000e\000c\000i\000p\000i\000t\000a\000c\000i\000\363\000n\000\040\000S\000a\000t\000e\000l\000i\000t\000a\000l\000\040\000C\000H\000I\000R\000P\000S}{subsection.4.1}% 7
\BOOKMARK [2][-]{subsection.4.2}{\376\377\000M\000E\000T\000E\000O\000R\000O\000L\000O\000G\000\315\000A}{section.4}% 8
\BOOKMARK [3][-]{subsubsection.4.2.1}{\376\377\000R\000a\000d\000i\000a\000c\000i\000\363\000n\000\040\000s\000o\000l\000a\000r\000\040\000y\000\040\000t\000e\000m\000p\000e\000r\000a\000t\000u\000r\000a}{subsection.4.2}% 9
\BOOKMARK [3][-]{subsubsection.4.2.2}{\376\377\000H\000u\000m\000e\000d\000a\000d\000\040\000r\000e\000l\000a\000t\000i\000v\000a\000\040\000y\000\040\000v\000e\000l\000o\000c\000i\000d\000a\000d\000\040\000d\000e\000l\000\040\000v\000i\000e\000n\000t\000o}{subsection.4.2}% 10
\BOOKMARK [1][-]{section.5}{\376\377\000C\000A\000R\000A\000C\000T\000E\000R\000I\000Z\000A\000C\000I\000\323\000N\000\040\000H\000I\000D\000R\000O\000L\000\323\000G\000I\000C\000A}{}% 11
\BOOKMARK [2][-]{subsection.5.1}{\376\377\000H\000I\000D\000R\000O\000G\000R\000A\000F\000\315\000A}{section.5}% 12
\BOOKMARK [3][-]{subsubsection.5.1.1}{\376\377\000C\000a\000r\000a\000c\000t\000e\000r\000i\000z\000a\000c\000i\000\363\000n\000\040\000a\000\040\000N\000i\000v\000e\000l\000\040\000R\000e\000g\000i\000o\000n\000a\000l}{subsection.5.1}% 13
\BOOKMARK [3][-]{subsubsection.5.1.2}{\376\377\000C\000a\000r\000a\000c\000t\000e\000r\000i\000z\000a\000c\000i\000\363\000n\000\040\000a\000\040\000N\000i\000v\000e\000l\000\040\000L\000o\000c\000a\000l}{subsection.5.1}% 14
\BOOKMARK [2][-]{subsection.5.2}{\376\377\000P\000A\000R\000\301\000M\000E\000T\000R\000O\000S\000\040\000M\000O\000R\000F\000O\000L\000\323\000G\000I\000C\000O\000S\000\040\000D\000E\000\040\000L\000A\000\040\000M\000I\000C\000R\000O\000-\000C\000U\000E\000N\000C\000A}{section.5}% 15
\BOOKMARK [1][-]{section.6}{\376\377\000E\000L\000E\000M\000E\000N\000T\000O\000S\000\040\000H\000I\000D\000R\000\301\000U\000L\000I\000C\000O\000S\000\040\000D\000E\000L\000\040\000S\000I\000S\000T\000E\000M\000A\000\040\000D\000E\000\040\000G\000E\000N\000E\000R\000A\000C\000I\000\323\000N}{}% 16
\BOOKMARK [2][-]{subsection.6.1}{\376\377\000T\000I\000E\000M\000P\000O\000\040\000D\000E\000\040\000D\000E\000S\000P\000L\000A\000Z\000A\000M\000I\000E\000N\000T\000O\000\040\000D\000E\000S\000D\000E\000\040\000C\000A\000D\000A\000\040\000C\000A\000P\000T\000A\000C\000I\000\323\000N\000\040\000H\000A\000S\000T\000A\000\040\000L\000A\000\040\000C\000E\000N\000T\000R\000A\000L}{section.6}% 17
\BOOKMARK [1][-]{section.7}{\376\377\000S\000I\000M\000U\000L\000A\000C\000I\000\323\000N\000\040\000H\000I\000D\000R\000O\000L\000\323\000G\000I\000C\000A\000\040\000C\000O\000N\000\040\000E\000L\000\040\000M\000O\000D\000E\000L\000O\000\040\000V\000I\000C}{}% 18
\BOOKMARK [2][-]{subsection.7.1}{\376\377\000D\000O\000M\000I\000N\000I\000O\000\040\000D\000E\000L\000\040\000M\000O\000D\000E\000L\000O\000\040\000E\000\040\000I\000N\000F\000O\000R\000M\000A\000C\000I\000\323\000N\000\040\000P\000L\000U\000V\000I\000O\000M\000\311\000T\000R\000I\000C\000A\000S}{section.7}% 19
\BOOKMARK [3][-]{subsubsection.7.1.1}{\376\377\000D\000e\000s\000c\000r\000i\000p\000c\000i\000\363\000n\000\040\000G\000e\000n\000e\000r\000a\000l}{subsection.7.1}% 20
\BOOKMARK [3][-]{subsubsection.7.1.2}{\376\377\000D\000e\000f\000i\000n\000i\000c\000i\000\363\000n\000\040\000d\000e\000\040\000l\000a\000\040\000Z\000o\000n\000a\000\040\000d\000e\000\040\000E\000s\000t\000u\000d\000i\000o\000\040\000H\000i\000d\000r\000o\000l\000\363\000g\000i\000c\000o}{subsection.7.1}% 21
\BOOKMARK [3][-]{subsubsection.7.1.3}{\376\377\000C\000a\000r\000a\000c\000t\000e\000r\000\355\000s\000t\000i\000c\000a\000s\000\040\000d\000e\000\040\000l\000o\000s\000\040\000S\000u\000e\000l\000o\000s}{subsection.7.1}% 22
\BOOKMARK [3][-]{subsubsection.7.1.4}{\376\377\000M\000a\000p\000a\000\040\000d\000e\000\040\000U\000s\000o\000\040\000d\000e\000\040\000S\000u\000e\000l\000o}{subsection.7.1}% 23
\BOOKMARK [2][-]{subsection.7.2}{\376\377\000R\000E\000S\000U\000L\000T\000A\000D\000O\000S\000\040\000D\000E\000\040\000L\000A\000S\000\040\000S\000I\000M\000U\000L\000A\000C\000I\000O\000N\000E\000S}{section.7}% 24
\BOOKMARK [3][-]{subsubsection.7.2.1}{\376\377\000S\000i\000m\000u\000l\000a\000c\000i\000\363\000n\000\040\000H\000i\000d\000r\000o\000l\000\363\000g\000i\000c\000a}{subsection.7.2}% 25
\BOOKMARK [3][-]{subsubsection.7.2.2}{\376\377\000C\000a\000u\000d\000a\000l\000e\000s\000\040\000I\000n\000c\000r\000e\000m\000e\000n\000t\000a\000l\000e\000s\000\040\000P\000r\000o\000m\000e\000d\000i\000o\000\040\000M\000e\000n\000s\000u\000a\000l\000e\000s}{subsection.7.2}% 26
\BOOKMARK [3][-]{section*.42}{\376\377\0006\000.\0002\000.\0002\000.\0001\000\040\000\040\000Q\000N\000-\0009\0000\0008\000\040\000U\000c\000h\000u\000h\000u\000e\000r\000t\000a}{subsection.7.2}% 27
\BOOKMARK [3][-]{section*.45}{\376\377\0006\000.\0002\000.\0002\000.\0002\000\040\000\040\000Q\000N\000-\0009\0000\0009\000\040\000H\000u\000a\000l\000l\000a\000m\000a\000y\000o}{subsection.7.2}% 28
\BOOKMARK [3][-]{section*.48}{\376\377\0006\000.\0002\000.\0002\000.\0003\000\040\000\040\000Q\000N\000-\0009\0000\0001\000\040\000+\000\040\000Q\000N\000-\0009\0000\0002\000\040\000+\000\040\000Q\000N\000-\0009\0001\0001}{subsection.7.2}% 29
\BOOKMARK [3][-]{section*.51}{\376\377\0006\000.\0002\000.\0002\000.\0004\000\040\000\040\000Q\000N\000-\0009\0000\0003\000\040\000+\000\040\000Q\000N\000-\0009\0000\0004\000\040\000+\000\040\000Q\000N\000-\0009\0000\0005}{subsection.7.2}% 30
\BOOKMARK [2][-]{subsection.7.3}{\376\377\000C\000O\000R\000R\000E\000C\000C\000I\000\323\000N\000\040\000P\000O\000R\000\040\000R\000E\000D\000E\000S\000\040\000N\000E\000U\000R\000O\000N\000A\000L\000E\000S}{section.7}% 31
\BOOKMARK [1][-]{section.8}{\376\377\000D\000I\000S\000C\000U\000S\000I\000O\000N\000E\000S\000\040\000Y\000\040\000C\000O\000N\000C\000L\000U\000S\000I\000O\000N\000E\000S}{}% 32
